// Jest Snapshot v1, https://goo.gl/fbAQLP

exports[`renders title 1`] = `
<h1
  class="title"
>
  Spent time (Seconds)
</h1>
`;
